// Jest Snapshot v1, https://goo.gl/fbAQLP

exports[`Snapshot of header component 1`] = `
<header>
  <img
    alt="Sci-viz logo"
    className="header-img"
    src=""
  />
  <div
    className="header-content"
  >
    <p>
      <i
        style={
          Object {
            "paddingLeft": "20px",
          }
        }
      >
        Powered by DataJoint
      </i>
    </p>
  </div>
</header>
`;
